// Jest Snapshot v1, https://goo.gl/fbAQLP

exports[`tests on CalendarModal renders without errors 1`] = `<DocumentFragment />`;
