// Jest Snapshot v1, https://goo.gl/fbAQLP

exports[`LoginPage renders login form 1`] = `
<DocumentFragment>
  <section
    class="bg-gray-100 dark:bg-gray-900"
  >
    <div
      class="flex flex-col items-center justify-center px-6 py-8 mx-auto h-screen lg:py-0-w-[30rem]"
    >
      <h1
        class="text-3xl font-bold leading-tight tracking-tight text-gray-700 md:text dark:text-white mb-5"
      >
        Calendar App
      </h1>
      <div
        class="w-full bg-white rounded-xl shadow-lg dark:border md:mt-0 sm:max-w-md xl:p-0 dark:bg-gray-800 dark:border-gray-700"
      >
        <div
          class="p-6 space-y-4 md:space-y-6 sm:p-8"
        >
          <h2
            class="text-xl font-bold leading-tight tracking-tight text-gray-900 md:text-2xl dark:text-white"
          >
            Sign in to your account
          </h2>
          <form
            class="space-y-4 md:space-y-6"
          >
            <div
              class="group flex flex-col data-[hidden=true]:hidden w-full shadow rounded-medium"
              data-filled="true"
              data-filled-within="true"
              data-has-elements="true"
              data-has-label="true"
              data-slot="base"
            >
              <div
                class="relative w-full inline-flex tap-highlight-transparent shadow-sm px-3 border-medium border-default-200 data-[hover=true]:border-default-400 group-data-[focus=true]:border-default-foreground min-h-10 rounded-medium flex-col items-start justify-center gap-0 transition-background !duration-150 transition-colors motion-reduce:transition-none h-14 py-2"
                data-slot="input-wrapper"
                style="cursor: text;"
              >
                <label
                  class="absolute z-10 pointer-events-none origin-top-left rtl:origin-top-right subpixel-antialiased block text-foreground-500 cursor-text will-change-auto !duration-200 !ease-out motion-reduce:transition-none transition-[transform,color,left,opacity] group-data-[filled-within=true]:text-default-600 group-data-[filled-within=true]:pointer-events-auto group-data-[filled-within=true]:scale-85 text-small group-data-[filled-within=true]:-translate-y-[calc(50%_+_theme(fontSize.small)/2_-_6px_-_theme(borderWidth.medium))] pe-2 max-w-full text-ellipsis overflow-hidden"
                  data-slot="label"
                  for="react-aria-:r0:"
                  id="react-aria-:r1:"
                >
                  Your Email
                </label>
                <div
                  class="inline-flex w-full items-center h-full box-border group-data-[has-label=true]:items-end"
                  data-slot="inner-wrapper"
                >
                  <input
                    aria-label="Your Email"
                    aria-labelledby="react-aria-:r0: react-aria-:r1:"
                    class="w-full font-normal bg-transparent !outline-none placeholder:text-foreground-500 focus-visible:outline-none data-[has-start-content=true]:ps-1.5 data-[has-end-content=true]:pe-1.5 file:cursor-pointer file:bg-transparent file:border-0 autofill:bg-transparent bg-clip-text text-small"
                    data-slot="input"
                    data-testid="email"
                    id="react-aria-:r0:"
                    name="email"
                    placeholder="Enter your email"
                    type="email"
                    value=""
                  />
                </div>
              </div>
            </div>
            <div
              class="group flex flex-col data-[hidden=true]:hidden w-full shadow rounded-medium"
              data-filled="true"
              data-filled-within="true"
              data-has-elements="true"
              data-has-label="true"
              data-slot="base"
            >
              <div
                class="relative w-full inline-flex tap-highlight-transparent shadow-sm px-3 border-medium border-default-200 data-[hover=true]:border-default-400 group-data-[focus=true]:border-default-foreground min-h-10 rounded-medium flex-col items-start justify-center gap-0 transition-background !duration-150 transition-colors motion-reduce:transition-none h-14 py-2"
                data-slot="input-wrapper"
                style="cursor: text;"
              >
                <label
                  class="absolute z-10 pointer-events-none origin-top-left rtl:origin-top-right subpixel-antialiased block text-foreground-500 cursor-text will-change-auto !duration-200 !ease-out motion-reduce:transition-none transition-[transform,color,left,opacity] group-data-[filled-within=true]:text-default-600 group-data-[filled-within=true]:pointer-events-auto group-data-[filled-within=true]:scale-85 text-small group-data-[filled-within=true]:-translate-y-[calc(50%_+_theme(fontSize.small)/2_-_6px_-_theme(borderWidth.medium))] pe-2 max-w-full text-ellipsis overflow-hidden"
                  data-slot="label"
                  for="react-aria-:r5:"
                  id="react-aria-:r6:"
                >
                  Password
                </label>
                <div
                  class="inline-flex w-full items-center h-full box-border group-data-[has-label=true]:items-end"
                  data-slot="inner-wrapper"
                >
                  <input
                    aria-label="Password"
                    aria-labelledby="react-aria-:r5: react-aria-:r6:"
                    class="w-full font-normal bg-transparent !outline-none placeholder:text-foreground-500 focus-visible:outline-none data-[has-start-content=true]:ps-1.5 data-[has-end-content=true]:pe-1.5 file:cursor-pointer file:bg-transparent file:border-0 autofill:bg-transparent bg-clip-text text-small"
                    data-has-end-content="true"
                    data-slot="input"
                    data-testid="password"
                    id="react-aria-:r5:"
                    name="pass"
                    placeholder="Enter your password"
                    type="password"
                    value=""
                  />
                  <button
                    aria-label="toggle password visibility"
                    class="focus:outline-none"
                    type="button"
                  >
                    <svg
                      class="text-2xl text-default-400 pointer-events-none"
                      fill="currentColor"
                      height="1em"
                      stroke="currentColor"
                      stroke-width="0"
                      viewBox="0 0 576 512"
                      width="1em"
                      xmlns="http://www.w3.org/2000/svg"
                    >
                      <path
                        d="M572.52 241.4C518.29 135.59 410.93 64 288 64S57.68 135.64 3.48 241.41a32.35 32.35 0 0 0 0 29.19C57.71 376.41 165.07 448 288 448s230.32-71.64 284.52-177.41a32.35 32.35 0 0 0 0-29.19zM288 400a144 144 0 1 1 144-144 143.93 143.93 0 0 1-144 144zm0-240a95.31 95.31 0 0 0-25.31 3.79 47.85 47.85 0 0 1-66.9 66.9A95.78 95.78 0 1 0 288 160z"
                      />
                    </svg>
                  </button>
                </div>
              </div>
            </div>
            <button
              class="z-0 group relative inline-flex items-center justify-center box-border appearance-none select-none whitespace-nowrap subpixel-antialiased overflow-hidden tap-highlight-transparent data-[pressed=true]:scale-[0.97] outline-none data-[focus-visible=true]:z-10 data-[focus-visible=true]:outline-2 data-[focus-visible=true]:outline-focus data-[focus-visible=true]:outline-offset-2 min-w-20 h-10 gap-2 [&>svg]:max-w-[theme(spacing.8)] transition-transform-colors-opacity motion-reduce:transition-none data-[hover=true]:opacity-hover w-full text-white bg-primary-600 hover:bg-primary-700 font-medium rounded-lg text-sm px-5 py-2.5 text-center dark:bg-primary-600 dark:hover:bg-primary-700 dark:focus:ring-primary-800"
              data-testid="login-button"
              type="submit"
            >
              <div
                aria-label="Loading"
                class="relative inline-flex flex-col gap-2 items-center justify-center"
              >
                <div
                  class="relative flex w-5 h-5"
                >
                  <i
                    class="absolute w-full h-full rounded-full animate-spinner-ease-spin border-solid border-t-transparent border-l-transparent border-r-transparent border-2 border-b-white"
                  />
                  <i
                    class="absolute w-full h-full rounded-full opacity-75 animate-spinner-linear-spin border-dotted border-t-transparent border-l-transparent border-r-transparent border-2 border-b-white"
                  />
                </div>
              </div>
            </button>
            <p
              class="text-sm font-light text-gray-500 dark:text-gray-400"
            >
              Donâ€™t have an account yet? 
              <a
                class="font-medium text-primary-600 hover:underline dark:text-primary-500"
                href="/auth/register"
              >
                Sign up
              </a>
            </p>
          </form>
        </div>
      </div>
    </div>
  </section>
</DocumentFragment>
`;
