// Jest Snapshot v1, https://goo.gl/fbAQLP

exports[`Tests on <GifItem/> match snapshot 1`] = `
<div>
  <div
    class="overflow-hidden relative"
    data-testid="GifItem"
  >
    <div
      class="hover:opacity-75 opacity-0 transition-opacity duration-500 absolute overflow-y-auto p-2 bg-black w-full h-full rounded-lg flex"
    >
      <p
        class="font-normal opacity-80 text-white text-center w-full p-2"
      >
        Gif de prueba
      </p>
    </div>
    <img
      alt="Gif de prueba"
      class="h-full max-w-full rounded-lg object-cover object-center"
      src="https://giphy.com/gifs/demon-slayer-zenitsu-thundergod-VEzYdo930nTiTuVeMU"
    />
  </div>
</div>
`;
